// Vitest Snapshot v1, https://vitest.dev/guide/snapshot.html

exports[`should divider snapshot match 1`] = `
<DocumentFragment>
  <div
    class="nut-divider nut-divider-center "
  >
    <div
      class="nut-divider-before nut-divider-center-before"
    />
    文本
    <div
      class="nut-divider-after nut-divider-center-after"
    />
  </div>
</DocumentFragment>
`;
